// Jest Snapshot v1, https://goo.gl/fbAQLP

exports[`PrintPage Component mocks and calls window.print 1`] = `
<a
  className="nav-item-icon icon icon-print"
  href="#"
  onClick={[Function]}
/>
`;

exports[`PrintPage Component renders correctly 1`] = `
<a
  className="nav-item-icon icon icon-print"
  href="#"
  onClick={[Function]}
/>
`;
